[demo.deviserweb.com/material-portfolio-cv-resume/index.html]
[backblue.gif]
[fade.gif]
[index.html]
[cdnjs.cloudflare.com/ajax/libs/materialize/0.97.0/css/materialize.min.css]
[demo.deviserweb.com/material-portfolio-cv-resume/assets/css/timeline.css]
[maxcdn.bootstrapcdn.com/font-awesome/4.4.0/css/font-awesome.min.css]
[demo.deviserweb.com/material-portfolio-cv-resume/assets/css/animate.css]
[demo.deviserweb.com/material-portfolio-cv-resume/assets/css/nav.css]
[demo.deviserweb.com/material-portfolio-cv-resume/assets/css/jquery.fancybox.css]
[demo.deviserweb.com/material-portfolio-cv-resume/assets/css/style.css]
[demo.deviserweb.com/material-portfolio-cv-resume/assets/css/responsive.css]
[demo.deviserweb.com/material-portfolio-cv-resume/assets/css/color/lime.css]
[demo.deviserweb.com/material-portfolio-cv-resume/assets/css/color/red.css]
[demo.deviserweb.com/material-portfolio-cv-resume/assets/css/color/green.css]
[demo.deviserweb.com/material-portfolio-cv-resume/assets/css/color/purple.css]
[demo.deviserweb.com/material-portfolio-cv-resume/assets/css/color/orange.css]
[demo.deviserweb.com/material-portfolio-cv-resume/assets/css/demo.css]
[demo.deviserweb.com/material-portfolio-cv-resume/assets/images/proflpic.png]
[demo.deviserweb.com/material-portfolio-cv-resume/project.html]
[demo.deviserweb.com/material-portfolio-cv-resume/assets/images/p-1.jpg]
[demo.deviserweb.com/material-portfolio-cv-resume/assets/images/p-2.jpg]
[demo.deviserweb.com/material-portfolio-cv-resume/assets/images/p-3.jpg]
[demo.deviserweb.com/material-portfolio-cv-resume/assets/images/p-4.jpg]
[demo.deviserweb.com/material-portfolio-cv-resume/assets/images/p-5.jpg]
[demo.deviserweb.com/material-portfolio-cv-resume/assets/images/p-6.jpg]
[demo.deviserweb.com/material-portfolio-cv-resume/assets/images/p-7.jpg]
[demo.deviserweb.com/material-portfolio-cv-resume/assets/images/p-8.jpg]
[demo.deviserweb.com/material-portfolio-cv-resume/blog-full-post.html]
[demo.deviserweb.com/material-portfolio-cv-resume/assets/images/b-1.jpg]
[demo.deviserweb.com/material-portfolio-cv-resume/assets/images/b-2.jpg]
[demo.deviserweb.com/material-portfolio-cv-resume/assets/images/b-4.jpg]
[demo.deviserweb.com/material-portfolio-cv-resume/assets/images/b-3.jpg]
[demo.deviserweb.com/material-portfolio-cv-resume/assets/images/b-5.jpg]
[demo.deviserweb.com/material-portfolio-cv-resume/assets/images/b-6.jpg]
[demo.deviserweb.com/material-portfolio-cv-resume/assets/images/team1.jpg]
[demo.deviserweb.com/material-portfolio-cv-resume/assets/images/team2.jpg]
[demo.deviserweb.com/material-portfolio-cv-resume/assets/images/team3.jpg]
[demo.deviserweb.com/material-portfolio-cv-resume/assets/images/client1.png]
[demo.deviserweb.com/material-portfolio-cv-resume/assets/images/client2.png]
[demo.deviserweb.com/material-portfolio-cv-resume/assets/images/client3.png]
[demo.deviserweb.com/material-portfolio-cv-resume/assets/images/client4.png]
[demo.deviserweb.com/material-portfolio-cv-resume/assets/images/client6.png]
[demo.deviserweb.com/material-portfolio-cv-resume/assets/images/client7.png]
[cdnjs.cloudflare.com/ajax/libs/jquery/2.1.3/jquery.min.js]
[cdnjs.cloudflare.com/ajax/libs/materialize/0.95.3/js/materialize.min.js]
[demo.deviserweb.com/material-portfolio-cv-resume/assets/js/masonry.pkgd.js]
[cdn.jsdelivr.net/jquery.mixitup/latest/jquery.mixitup.min.js]
[demo.deviserweb.com/material-portfolio-cv-resume/assets/js/jquery.fancybox.pack.js]
[demo.deviserweb.com/material-portfolio-cv-resume/assets/js/validator.min.js]
[demo.deviserweb.com/material-portfolio-cv-resume/assets/js/modernizr.js]
[demo.deviserweb.com/material-portfolio-cv-resume/assets/js/jquery.sticky.js]
[demo.deviserweb.com/material-portfolio-cv-resume/assets/js/jquery.nav.js]
[demo.deviserweb.com/material-portfolio-cv-resume/assets/js/wow.min.js]
[demo.deviserweb.com/material-portfolio-cv-resume/assets/js/init.js]
[demo.deviserweb.com/material-portfolio-cv-resume/assets/js/styleswitcher.js]
[demo.deviserweb.com/material-portfolio-cv-resume/index.html]
[demo.deviserweb.com/material-portfolio-cv-resume/images/favicon.html]
[demo.deviserweb.com/material-portfolio-cv-resume/images/apple-icon-72x72.html]
[demo.deviserweb.com/material-portfolio-cv-resume/images/apple-icon-76x76.html]
[demo.deviserweb.com/material-portfolio-cv-resume/images/apple-icon-114x114.html]
[cdnjs.cloudflare.com/ajax/libs/materialize/0.97.0/css/materialize.min.css]
[maxcdn.bootstrapcdn.com/font-awesome/4.4.0/css/font-awesome.min.css]
[demo.deviserweb.com/material-portfolio-cv-resume/assets/css/timeline.css]
[demo.deviserweb.com/material-portfolio-cv-resume/assets/css/animate.css]
[demo.deviserweb.com/material-portfolio-cv-resume/assets/css/nav.css]
[demo.deviserweb.com/material-portfolio-cv-resume/index-2.html]
[demo.deviserweb.com/material-portfolio-cv-resume/assets/css/jquery.fancybox.css]
[demo.deviserweb.com/material-portfolio-cv-resume/assets/images/loading.gif]
[demo.deviserweb.com/material-portfolio-cv-resume/assets/css/style.css]
[demo.deviserweb.com/material-portfolio-cv-resume/assets/css/responsive.css]
[demo.deviserweb.com/material-portfolio-cv-resume/assets/css/color/lime.css]
[demo.deviserweb.com/material-portfolio-cv-resume/assets/css/color/red.css]
[demo.deviserweb.com/material-portfolio-cv-resume/assets/css/color/green.css]
[demo.deviserweb.com/material-portfolio-cv-resume/assets/css/color/purple.css]
[demo.deviserweb.com/material-portfolio-cv-resume/assets/css/color/orange.css]
[demo.deviserweb.com/material-portfolio-cv-resume/assets/css/demo.css]
[demo.deviserweb.com/material-portfolio-cv-resume/assets/images/bg2.jpg]
[demo.deviserweb.com/material-portfolio-cv-resume/project.html]
[demo.deviserweb.com/material-portfolio-cv-resume/assets/images/full-img.jpg]
[demo.deviserweb.com/material-portfolio-cv-resume/blog-full-post.html]
[cdn.jsdelivr.net/jquery.mixitup/latest/jquery.mixitup.min.js]
[demo.deviserweb.com/material-portfolio-cv-resume/index-2.html]
[demo.deviserweb.com/material-portfolio-cv-resume/assets/img/fancybox_sprite.html]
[demo.deviserweb.com/material-portfolio-cv-resume/assets/img/fancybox_loading.html]
[demo.deviserweb.com/material-portfolio-cv-resume/assets/css/blank.html]
[demo.deviserweb.com/material-portfolio-cv-resume/assets/img/fancybox_overlay.html]
[demo.deviserweb.com/material-portfolio-cv-resume/assets/img/fancybox_sprite@2x.html]
[demo.deviserweb.com/material-portfolio-cv-resume/assets/img/fancybox_loading@2x.html]
[demo.deviserweb.com/material-portfolio-cv-resume/assets/js/magicline.js]
[demo.deviserweb.com/material-portfolio-cv-resume/assets/js/magiwcline.html]
